../Core/Src/main.c:99:16:ADS1219_ReadRaw	32	static
../Core/Src/main.c:125:13:ADS1219_dataReady	24	static
../Core/Src/main.c:144:16:ADS1219_readConversion	24	static
../Core/Src/main.c:173:5:main	40	static
../Core/Src/main.c:269:6:SystemClock_Config	72	static
../Core/Src/main.c:308:13:MX_I2C1_Init	8	static
../Core/Src/main.c:342:13:MX_SPI1_Init	8	static
../Core/Src/main.c:380:13:MX_UART1_Init	8	static
../Core/Src/main.c:413:13:MX_GPIO_Init	32	static
../Core/Src/main.c:461:6:Error_Handler	4	static,ignoring_inline_asm
