../Core/Src/main.c:94:16:ADS1219_ReadRaw	24	static
../Core/Src/main.c:119:13:ADS1219_dataReady	24	static
../Core/Src/main.c:133:16:ADS1219_readConversion	24	static
../Core/Src/main.c:162:5:main	24	static
../Core/Src/main.c:247:6:SystemClock_Config	72	static
../Core/Src/main.c:286:13:MX_I2C1_Init	8	static
../Core/Src/main.c:320:13:MX_SPI1_Init	8	static
../Core/Src/main.c:358:13:MX_USART1_Init	8	static
../Core/Src/main.c:392:13:MX_GPIO_Init	32	static
../Core/Src/main.c:440:6:Error_Handler	4	static,ignoring_inline_asm
